  dsafsf {{
  dsfsfsf
  dafaf
  dsfsaf
  sadfsf
 dsafasf}

 dasfasfsaf<html>sdddafsdaf
 <a>asdfsdafsdf</a>
 <h>sdfasfsf
 dsafasfsadfsa
-*-
 sadfasf

* dasf
 sadfsdf</h>
  dfsaf<div>
  dasf
  sdfsafsdf</div>
 </html>